This is pdfTeX, Version 3.141592653-2.6-1.40.29 (TeX Live 2026) (preloaded format=pdflatex 2026.3.2)  1 APR 2026 09:45
entering extended mode
 restricted \write18 enabled.
 %&-line parsing enabled.
**docs/multidomain_preisach_hysteresis_report.tex
(./docs/multidomain_preisach_hysteresis_report.tex
LaTeX2e <2025-11-01>
L3 programming layer <2026-01-19>
(/Users/krishnachemudupati/Projects/ferrodiode-model/.tinytex/texmf-dist/tex/latex/base/article.cls
Document Class: article 2025/01/22 v1.4n Standard LaTeX document class
(/Users/krishnachemudupati/Projects/ferrodiode-model/.tinytex/texmf-dist/tex/latex/base/size11.clo
File: size11.clo 2025/01/22 v1.4n Standard LaTeX file (size option)
)
\c@part=\count275
\c@section=\count276
\c@subsection=\count277
\c@subsubsection=\count278
\c@paragraph=\count279
\c@subparagraph=\count280
\c@figure=\count281
\c@table=\count282
\abovecaptionskip=\skip49
\belowcaptionskip=\skip50
\bibindent=\dimen148
) (/Users/krishnachemudupati/Projects/ferrodiode-model/.tinytex/texmf-dist/tex/latex/geometry/geometry.sty
Package: geometry 2020/01/02 v5.9 Page Geometry
 (/Users/krishnachemudupati/Projects/ferrodiode-model/.tinytex/texmf-dist/tex/latex/graphics/keyval.sty
Package: keyval 2022/05/29 v1.15 key=value parser (DPC)
\KV@toks@=\toks17
) (/Users/krishnachemudupati/Projects/ferrodiode-model/.tinytex/texmf-dist/tex/generic/iftex/ifvtex.sty
Package: ifvtex 2019/10/25 v1.7 ifvtex legacy package. Use iftex instead.
 (/Users/krishnachemudupati/Projects/ferrodiode-model/.tinytex/texmf-dist/tex/generic/iftex/iftex.sty
Package: iftex 2024/12/12 v1.0g TeX engine tests
))
\Gm@cnth=\count283
\Gm@cntv=\count284
\c@Gm@tempcnt=\count285
\Gm@bindingoffset=\dimen149
\Gm@wd@mp=\dimen150
\Gm@odd@mp=\dimen151
\Gm@even@mp=\dimen152
\Gm@layoutwidth=\dimen153
\Gm@layoutheight=\dimen154
\Gm@layouthoffset=\dimen155
\Gm@layoutvoffset=\dimen156
\Gm@dimlist=\toks18
) (/Users/krishnachemudupati/Projects/ferrodiode-model/.tinytex/texmf-dist/tex/latex/base/fontenc.sty
Package: fontenc 2025/07/18 v2.1d Standard LaTeX package
) (/Users/krishnachemudupati/Projects/ferrodiode-model/.tinytex/texmf-dist/tex/latex/base/inputenc.sty
Package: inputenc 2024/02/08 v1.3d Input encoding file
\inpenc@prehook=\toks19
\inpenc@posthook=\toks20
) (/Users/krishnachemudupati/Projects/ferrodiode-model/.tinytex/texmf-dist/tex/latex/lm/lmodern.sty
Package: lmodern 2015/05/01 v1.6.1 Latin Modern Fonts
LaTeX Font Info:    Overwriting symbol font `operators' in version `normal'
(Font)                  OT1/cmr/m/n --> OT1/lmr/m/n on input line 22.
LaTeX Font Info:    Overwriting symbol font `letters' in version `normal'
(Font)                  OML/cmm/m/it --> OML/lmm/m/it on input line 23.
LaTeX Font Info:    Overwriting symbol font `symbols' in version `normal'
(Font)                  OMS/cmsy/m/n --> OMS/lmsy/m/n on input line 24.
LaTeX Font Info:    Overwriting symbol font `largesymbols' in version `normal'
(Font)                  OMX/cmex/m/n --> OMX/lmex/m/n on input line 25.
LaTeX Font Info:    Overwriting symbol font `operators' in version `bold'
(Font)                  OT1/cmr/bx/n --> OT1/lmr/bx/n on input line 26.
LaTeX Font Info:    Overwriting symbol font `letters' in version `bold'
(Font)                  OML/cmm/b/it --> OML/lmm/b/it on input line 27.
LaTeX Font Info:    Overwriting symbol font `symbols' in version `bold'
(Font)                  OMS/cmsy/b/n --> OMS/lmsy/b/n on input line 28.
LaTeX Font Info:    Overwriting symbol font `largesymbols' in version `bold'
(Font)                  OMX/cmex/m/n --> OMX/lmex/m/n on input line 29.
LaTeX Font Info:    Overwriting math alphabet `\mathbf' in version `normal'
(Font)                  OT1/cmr/bx/n --> OT1/lmr/bx/n on input line 31.
LaTeX Font Info:    Overwriting math alphabet `\mathsf' in version `normal'
(Font)                  OT1/cmss/m/n --> OT1/lmss/m/n on input line 32.
LaTeX Font Info:    Overwriting math alphabet `\mathit' in version `normal'
(Font)                  OT1/cmr/m/it --> OT1/lmr/m/it on input line 33.
LaTeX Font Info:    Overwriting math alphabet `\mathtt' in version `normal'
(Font)                  OT1/cmtt/m/n --> OT1/lmtt/m/n on input line 34.
LaTeX Font Info:    Overwriting math alphabet `\mathbf' in version `bold'
(Font)                  OT1/cmr/bx/n --> OT1/lmr/bx/n on input line 35.
LaTeX Font Info:    Overwriting math alphabet `\mathsf' in version `bold'
(Font)                  OT1/cmss/bx/n --> OT1/lmss/bx/n on input line 36.
LaTeX Font Info:    Overwriting math alphabet `\mathit' in version `bold'
(Font)                  OT1/cmr/bx/it --> OT1/lmr/bx/it on input line 37.
LaTeX Font Info:    Overwriting math alphabet `\mathtt' in version `bold'
(Font)                  OT1/cmtt/m/n --> OT1/lmtt/m/n on input line 38.
) (/Users/krishnachemudupati/Projects/ferrodiode-model/.tinytex/texmf-dist/tex/latex/graphics/graphicx.sty
Package: graphicx 2024/12/31 v1.2e Enhanced LaTeX Graphics (DPC,SPQR)
 (/Users/krishnachemudupati/Projects/ferrodiode-model/.tinytex/texmf-dist/tex/latex/graphics/graphics.sty
Package: graphics 2024/08/06 v1.4g Standard LaTeX Graphics (DPC,SPQR)
 (/Users/krishnachemudupati/Projects/ferrodiode-model/.tinytex/texmf-dist/tex/latex/graphics/trig.sty
Package: trig 2023/12/02 v1.11 sin cos tan (DPC)
) (/Users/krishnachemudupati/Projects/ferrodiode-model/.tinytex/texmf-dist/tex/latex/graphics-cfg/graphics.cfg
File: graphics.cfg 2016/06/04 v1.11 sample graphics configuration
)
Package graphics Info: Driver file: pdftex.def on input line 106.
 (/Users/krishnachemudupati/Projects/ferrodiode-model/.tinytex/texmf-dist/tex/latex/graphics-def/pdftex.def
File: pdftex.def 2025/09/29 v1.2d Graphics/color driver for pdftex
))
\Gin@req@height=\dimen157
\Gin@req@width=\dimen158
) (/Users/krishnachemudupati/Projects/ferrodiode-model/.tinytex/texmf-dist/tex/latex/booktabs/booktabs.sty
Package: booktabs 2020/01/12 v1.61803398 Publication quality tables
\heavyrulewidth=\dimen159
\lightrulewidth=\dimen160
\cmidrulewidth=\dimen161
\belowrulesep=\dimen162
\belowbottomsep=\dimen163
\aboverulesep=\dimen164
\abovetopsep=\dimen165
\cmidrulesep=\dimen166
\cmidrulekern=\dimen167
\defaultaddspace=\dimen168
\@cmidla=\count286
\@cmidlb=\count287
\@aboverulesep=\dimen169
\@belowrulesep=\dimen170
\@thisruleclass=\count288
\@lastruleclass=\count289
\@thisrulewidth=\dimen171
) (/Users/krishnachemudupati/Projects/ferrodiode-model/.tinytex/texmf-dist/tex/latex/tools/longtable.sty
Package: longtable 2025-10-13 v4.24 Multi-page Table package (DPC)
\LTleft=\skip51
\LTright=\skip52
\LTpre=\skip53
\LTpost=\skip54
\LTchunksize=\count290
\LTcapwidth=\dimen172
\LT@head=\box53
\LT@firsthead=\box54
\LT@foot=\box55
\LT@lastfoot=\box56
\LT@gbox=\box57
\LT@cols=\count291
\LT@rows=\count292
\c@LT@tables=\count293
\c@LT@chunks=\count294
\LT@p@ftn=\toks21
) (/Users/krishnachemudupati/Projects/ferrodiode-model/.tinytex/texmf-dist/tex/latex/tools/array.sty
Package: array 2025/09/25 v2.6n Tabular extension package (FMi)
\col@sep=\dimen173
\ar@mcellbox=\box58
\extrarowheight=\dimen174
\NC@list=\toks22
\extratabsurround=\skip55
\backup@length=\skip56
\ar@cellbox=\box59
) (/Users/krishnachemudupati/Projects/ferrodiode-model/.tinytex/texmf-dist/tex/latex/amsmath/amsmath.sty
Package: amsmath 2025/07/09 v2.17z AMS math features
\@mathmargin=\skip57

For additional information on amsmath, use the `?' option.
(/Users/krishnachemudupati/Projects/ferrodiode-model/.tinytex/texmf-dist/tex/latex/amsmath/amstext.sty
Package: amstext 2024/11/17 v2.01 AMS text
 (/Users/krishnachemudupati/Projects/ferrodiode-model/.tinytex/texmf-dist/tex/latex/amsmath/amsgen.sty
File: amsgen.sty 1999/11/30 v2.0 generic functions
\@emptytoks=\toks23
\ex@=\dimen175
)) (/Users/krishnachemudupati/Projects/ferrodiode-model/.tinytex/texmf-dist/tex/latex/amsmath/amsbsy.sty
Package: amsbsy 1999/11/29 v1.2d Bold Symbols
\pmbraise@=\dimen176
) (/Users/krishnachemudupati/Projects/ferrodiode-model/.tinytex/texmf-dist/tex/latex/amsmath/amsopn.sty
Package: amsopn 2022/04/08 v2.04 operator names
)
\inf@bad=\count295
LaTeX Info: Redefining \frac on input line 233.
\uproot@=\count296
\leftroot@=\count297
LaTeX Info: Redefining \overline on input line 398.
LaTeX Info: Redefining \colon on input line 409.
\classnum@=\count298
\DOTSCASE@=\count299
LaTeX Info: Redefining \ldots on input line 495.
LaTeX Info: Redefining \dots on input line 498.
LaTeX Info: Redefining \cdots on input line 619.
\Mathstrutbox@=\box60
\strutbox@=\box61
LaTeX Info: Redefining \big on input line 721.
LaTeX Info: Redefining \Big on input line 722.
LaTeX Info: Redefining \bigg on input line 723.
LaTeX Info: Redefining \Bigg on input line 724.
\big@size=\dimen177
LaTeX Font Info:    Redeclaring font encoding OML on input line 742.
LaTeX Font Info:    Redeclaring font encoding OMS on input line 743.
\macc@depth=\count300
LaTeX Info: Redefining \bmod on input line 904.
LaTeX Info: Redefining \pmod on input line 909.
LaTeX Info: Redefining \smash on input line 939.
LaTeX Info: Redefining \relbar on input line 969.
LaTeX Info: Redefining \Relbar on input line 970.
\c@MaxMatrixCols=\count301
\dotsspace@=\muskip17
\c@parentequation=\count302
\dspbrk@lvl=\count303
\tag@help=\toks24
\row@=\count304
\column@=\count305
\maxfields@=\count306
\andhelp@=\toks25
\eqnshift@=\dimen178
\alignsep@=\dimen179
\tagshift@=\dimen180
\tagwidth@=\dimen181
\totwidth@=\dimen182
\lineht@=\dimen183
\@envbody=\toks26
\multlinegap=\skip58
\multlinetaggap=\skip59
\mathdisplay@stack=\toks27
LaTeX Info: Redefining \[ on input line 2950.
LaTeX Info: Redefining \] on input line 2951.
) (/Users/krishnachemudupati/Projects/ferrodiode-model/.tinytex/texmf-dist/tex/latex/amsfonts/amssymb.sty
Package: amssymb 2013/01/14 v3.01 AMS font symbols
 (/Users/krishnachemudupati/Projects/ferrodiode-model/.tinytex/texmf-dist/tex/latex/amsfonts/amsfonts.sty
Package: amsfonts 2013/01/14 v3.01 Basic AMSFonts support
\symAMSa=\mathgroup4
\symAMSb=\mathgroup5
LaTeX Font Info:    Redeclaring math symbol \hbar on input line 98.
LaTeX Font Info:    Overwriting math alphabet `\mathfrak' in version `bold'
(Font)                  U/euf/m/n --> U/euf/b/n on input line 106.
)) (/Users/krishnachemudupati/Projects/ferrodiode-model/.tinytex/texmf-dist/tex/latex/xcolor/xcolor.sty
Package: xcolor 2024/09/29 v3.02 LaTeX color extensions (UK)
 (/Users/krishnachemudupati/Projects/ferrodiode-model/.tinytex/texmf-dist/tex/latex/graphics-cfg/color.cfg
File: color.cfg 2016/01/02 v1.6 sample color configuration
)
Package xcolor Info: Driver file: pdftex.def on input line 274.
 (/Users/krishnachemudupati/Projects/ferrodiode-model/.tinytex/texmf-dist/tex/latex/graphics/mathcolor.ltx)
Package xcolor Info: Model `cmy' substituted by `cmy0' on input line 1349.
Package xcolor Info: Model `hsb' substituted by `rgb' on input line 1353.
Package xcolor Info: Model `RGB' extended on input line 1365.
Package xcolor Info: Model `HTML' substituted by `rgb' on input line 1367.
Package xcolor Info: Model `Hsb' substituted by `hsb' on input line 1368.
Package xcolor Info: Model `tHsb' substituted by `hsb' on input line 1369.
Package xcolor Info: Model `HSB' substituted by `hsb' on input line 1370.
Package xcolor Info: Model `Gray' substituted by `gray' on input line 1371.
Package xcolor Info: Model `wave' substituted by `hsb' on input line 1372.
) (/Users/krishnachemudupati/Projects/ferrodiode-model/.tinytex/texmf-dist/tex/latex/hyperref/hyperref.sty
Package: hyperref 2026-01-29 v7.01p Hypertext links for LaTeX
 (/Users/krishnachemudupati/Projects/ferrodiode-model/.tinytex/texmf-dist/tex/latex/kvsetkeys/kvsetkeys.sty
Package: kvsetkeys 2022-10-05 v1.19 Key value parser (HO)
) (/Users/krishnachemudupati/Projects/ferrodiode-model/.tinytex/texmf-dist/tex/generic/kvdefinekeys/kvdefinekeys.sty
Package: kvdefinekeys 2019-12-19 v1.6 Define keys (HO)
) (/Users/krishnachemudupati/Projects/ferrodiode-model/.tinytex/texmf-dist/tex/generic/pdfescape/pdfescape.sty
Package: pdfescape 2019/12/09 v1.15 Implements pdfTeX's escape features (HO)
 (/Users/krishnachemudupati/Projects/ferrodiode-model/.tinytex/texmf-dist/tex/generic/ltxcmds/ltxcmds.sty
Package: ltxcmds 2023-12-04 v1.26 LaTeX kernel commands for general use (HO)
) (/Users/krishnachemudupati/Projects/ferrodiode-model/.tinytex/texmf-dist/tex/generic/pdftexcmds/pdftexcmds.sty
Package: pdftexcmds 2020-06-27 v0.33 Utility functions of pdfTeX for LuaTeX (HO)
 (/Users/krishnachemudupati/Projects/ferrodiode-model/.tinytex/texmf-dist/tex/generic/infwarerr/infwarerr.sty
Package: infwarerr 2019/12/03 v1.5 Providing info/warning/error messages (HO)
)
Package pdftexcmds Info: \pdf@primitive is available.
Package pdftexcmds Info: \pdf@ifprimitive is available.
Package pdftexcmds Info: \pdfdraftmode found.
)) (/Users/krishnachemudupati/Projects/ferrodiode-model/.tinytex/texmf-dist/tex/latex/hycolor/hycolor.sty
Package: hycolor 2020-01-27 v1.10 Color options for hyperref/bookmark (HO)
) (/Users/krishnachemudupati/Projects/ferrodiode-model/.tinytex/texmf-dist/tex/latex/hyperref/nameref.sty
Package: nameref 2026-01-29 v2.58 Cross-referencing by name of section
 (/Users/krishnachemudupati/Projects/ferrodiode-model/.tinytex/texmf-dist/tex/latex/refcount/refcount.sty
Package: refcount 2019/12/15 v3.6 Data extraction from label references (HO)
) (/Users/krishnachemudupati/Projects/ferrodiode-model/.tinytex/texmf-dist/tex/generic/gettitlestring/gettitlestring.sty
Package: gettitlestring 2019/12/15 v1.6 Cleanup title references (HO)
 (/Users/krishnachemudupati/Projects/ferrodiode-model/.tinytex/texmf-dist/tex/latex/kvoptions/kvoptions.sty
Package: kvoptions 2022-06-15 v3.15 Key value format for package options (HO)
))
\c@section@level=\count307
) (/Users/krishnachemudupati/Projects/ferrodiode-model/.tinytex/texmf-dist/tex/latex/etoolbox/etoolbox.sty
Package: etoolbox 2025/10/02 v2.5m e-TeX tools for LaTeX (JAW)
\etb@tempcnta=\count308
) (/Users/krishnachemudupati/Projects/ferrodiode-model/.tinytex/texmf-dist/tex/generic/stringenc/stringenc.sty
Package: stringenc 2019/11/29 v1.12 Convert strings between diff. encodings (HO)
)
\@linkdim=\dimen184
\Hy@linkcounter=\count309
\Hy@pagecounter=\count310
 (/Users/krishnachemudupati/Projects/ferrodiode-model/.tinytex/texmf-dist/tex/latex/hyperref/pd1enc.def
File: pd1enc.def 2026-01-29 v7.01p Hyperref: PDFDocEncoding definition (HO)
Now handling font encoding PD1 ...
... no UTF-8 mapping file for font encoding PD1
) (/Users/krishnachemudupati/Projects/ferrodiode-model/.tinytex/texmf-dist/tex/generic/intcalc/intcalc.sty
Package: intcalc 2019/12/15 v1.3 Expandable calculations with integers (HO)
)
\Hy@SavedSpaceFactor=\count311
 (/Users/krishnachemudupati/Projects/ferrodiode-model/.tinytex/texmf-dist/tex/latex/hyperref/puenc.def
File: puenc.def 2026-01-29 v7.01p Hyperref: PDF Unicode definition (HO)
Now handling font encoding PU ...
... no UTF-8 mapping file for font encoding PU
)
Package hyperref Info: Hyper figures OFF on input line 4201.
Package hyperref Info: Link nesting OFF on input line 4206.
Package hyperref Info: Hyper index ON on input line 4209.
Package hyperref Info: Plain pages OFF on input line 4216.
Package hyperref Info: Backreferencing OFF on input line 4221.
Package hyperref Info: Implicit mode ON; LaTeX internals redefined.
Package hyperref Info: Bookmarks ON on input line 4468.
\c@Hy@tempcnt=\count312
 (/Users/krishnachemudupati/Projects/ferrodiode-model/.tinytex/texmf-dist/tex/latex/url/url.sty
\Urlmuskip=\muskip18
Package: url 2013/09/16  ver 3.4  Verb mode for urls, etc.
)
LaTeX Info: Redefining \url on input line 4807.
\XeTeXLinkMargin=\dimen185
 (/Users/krishnachemudupati/Projects/ferrodiode-model/.tinytex/texmf-dist/tex/generic/bitset/bitset.sty
Package: bitset 2019/12/09 v1.3 Handle bit-vector datatype (HO)
 (/Users/krishnachemudupati/Projects/ferrodiode-model/.tinytex/texmf-dist/tex/generic/bigintcalc/bigintcalc.sty
Package: bigintcalc 2019/12/15 v1.5 Expandable calculations on big integers (HO)
))
\Fld@menulength=\count313
\Field@Width=\dimen186
\Fld@charsize=\dimen187
Package hyperref Info: Hyper figures OFF on input line 6084.
Package hyperref Info: Link nesting OFF on input line 6089.
Package hyperref Info: Hyper index ON on input line 6092.
Package hyperref Info: backreferencing OFF on input line 6099.
Package hyperref Info: Link coloring OFF on input line 6104.
Package hyperref Info: Link coloring with OCG OFF on input line 6109.
Package hyperref Info: PDF/A mode OFF on input line 6114.
\Hy@abspage=\count314
\c@Item=\count315
\c@Hfootnote=\count316
)
Package hyperref Info: Driver (autodetected): hpdftex.
 (/Users/krishnachemudupati/Projects/ferrodiode-model/.tinytex/texmf-dist/tex/latex/hyperref/hpdftex.def
File: hpdftex.def 2026-01-29 v7.01p Hyperref driver for pdfTeX
\Fld@listcount=\count317
\c@bookmark@seq@number=\count318
 (/Users/krishnachemudupati/Projects/ferrodiode-model/.tinytex/texmf-dist/tex/latex/rerunfilecheck/rerunfilecheck.sty
Package: rerunfilecheck 2025-06-21 v1.11 Rerun checks for auxiliary files (HO)
 (/Users/krishnachemudupati/Projects/ferrodiode-model/.tinytex/texmf-dist/tex/generic/uniquecounter/uniquecounter.sty
Package: uniquecounter 2019/12/15 v1.4 Provide unlimited unique counter (HO)
)
Package uniquecounter Info: New unique counter `rerunfilecheck' on input line 284.
)
\Hy@SectionHShift=\skip60
) (/Users/krishnachemudupati/Projects/ferrodiode-model/.tinytex/texmf-dist/tex/latex/float/float.sty
Package: float 2001/11/08 v1.3d Float enhancements (AL)
\c@float@type=\count319
\float@exts=\toks28
\float@box=\box62
\@float@everytoks=\toks29
\@floatcapt=\box63
)
Package hyperref Info: Option `colorlinks' set `true' on input line 22.
LaTeX Font Info:    Trying to load font information for T1+lmr on input line 31.
 (/Users/krishnachemudupati/Projects/ferrodiode-model/.tinytex/texmf-dist/tex/latex/lm/t1lmr.fd
File: t1lmr.fd 2015/05/01 v1.6.1 Font defs for Latin Modern
) (/Users/krishnachemudupati/Projects/ferrodiode-model/.tinytex/texmf-dist/tex/latex/l3backend/l3backend-pdftex.def
File: l3backend-pdftex.def 2025-10-09 L3 backend support: PDF output (pdfTeX)
\l__color_backend_stack_int=\count320
) (docs/multidomain_preisach_hysteresis_report.aux)
\openout1 = `multidomain_preisach_hysteresis_report.aux'.

LaTeX Font Info:    Checking defaults for OML/cmm/m/it on input line 31.
LaTeX Font Info:    ... okay on input line 31.
LaTeX Font Info:    Checking defaults for OMS/cmsy/m/n on input line 31.
LaTeX Font Info:    ... okay on input line 31.
LaTeX Font Info:    Checking defaults for OT1/cmr/m/n on input line 31.
LaTeX Font Info:    ... okay on input line 31.
LaTeX Font Info:    Checking defaults for T1/cmr/m/n on input line 31.
LaTeX Font Info:    ... okay on input line 31.
LaTeX Font Info:    Checking defaults for TS1/cmr/m/n on input line 31.
LaTeX Font Info:    ... okay on input line 31.
LaTeX Font Info:    Checking defaults for OMX/cmex/m/n on input line 31.
LaTeX Font Info:    ... okay on input line 31.
LaTeX Font Info:    Checking defaults for U/cmr/m/n on input line 31.
LaTeX Font Info:    ... okay on input line 31.
LaTeX Font Info:    Checking defaults for PD1/pdf/m/n on input line 31.
LaTeX Font Info:    ... okay on input line 31.
LaTeX Font Info:    Checking defaults for PU/pdf/m/n on input line 31.
LaTeX Font Info:    ... okay on input line 31.

*geometry* driver: auto-detecting
*geometry* detected driver: pdftex
*geometry* verbose mode - [ preamble ] result:
* driver: pdftex
* paper: <default>
* layout: <same size as paper>
* layoutoffset:(h,v)=(0.0pt,0.0pt)
* modes: 
* h-part:(L,W,R)=(72.26999pt, 469.75502pt, 72.26999pt)
* v-part:(T,H,B)=(72.26999pt, 650.43001pt, 72.26999pt)
* \paperwidth=614.295pt
* \paperheight=794.96999pt
* \textwidth=469.75502pt
* \textheight=650.43001pt
* \oddsidemargin=0.0pt
* \evensidemargin=0.0pt
* \topmargin=-37.0pt
* \headheight=12.0pt
* \headsep=25.0pt
* \topskip=11.0pt
* \footskip=30.0pt
* \marginparwidth=59.0pt
* \marginparsep=10.0pt
* \columnsep=10.0pt
* \skip\footins=10.0pt plus 4.0pt minus 2.0pt
* \hoffset=0.0pt
* \voffset=0.0pt
* \mag=1000
* \@twocolumnfalse
* \@twosidefalse
* \@mparswitchfalse
* \@reversemarginfalse
* (1in=72.27pt=25.4mm, 1cm=28.453pt)

(/Users/krishnachemudupati/Projects/ferrodiode-model/.tinytex/texmf-dist/tex/latex/epstopdf-pkg/epstopdf-base.sty
Package: epstopdf-base 2020-01-24 v2.11 Base part for package epstopdf
Package epstopdf-base Info: Redefining graphics rule for `.eps' on input line 485.
 (/Users/krishnachemudupati/Projects/ferrodiode-model/.tinytex/texmf-dist/tex/latex/latexconfig/epstopdf-sys.cfg
File: epstopdf-sys.cfg 2010/07/13 v1.3 Configuration of (r)epstopdf for TeX Live
))
Package hyperref Info: Link coloring ON on input line 31.
 (docs/multidomain_preisach_hysteresis_report.out) (docs/multidomain_preisach_hysteresis_report.out)
\@outlinefile=\write3
\openout3 = `multidomain_preisach_hysteresis_report.out'.

LaTeX Font Info:    Trying to load font information for OT1+lmr on input line 33.
 (/Users/krishnachemudupati/Projects/ferrodiode-model/.tinytex/texmf-dist/tex/latex/lm/ot1lmr.fd
File: ot1lmr.fd 2015/05/01 v1.6.1 Font defs for Latin Modern
)
LaTeX Font Info:    Trying to load font information for OML+lmm on input line 33.
 (/Users/krishnachemudupati/Projects/ferrodiode-model/.tinytex/texmf-dist/tex/latex/lm/omllmm.fd
File: omllmm.fd 2015/05/01 v1.6.1 Font defs for Latin Modern
)
LaTeX Font Info:    Trying to load font information for OMS+lmsy on input line 33.
 (/Users/krishnachemudupati/Projects/ferrodiode-model/.tinytex/texmf-dist/tex/latex/lm/omslmsy.fd
File: omslmsy.fd 2015/05/01 v1.6.1 Font defs for Latin Modern
)
LaTeX Font Info:    Trying to load font information for OMX+lmex on input line 33.
 (/Users/krishnachemudupati/Projects/ferrodiode-model/.tinytex/texmf-dist/tex/latex/lm/omxlmex.fd
File: omxlmex.fd 2015/05/01 v1.6.1 Font defs for Latin Modern
)
LaTeX Font Info:    External font `lmex10' loaded for size
(Font)              <12> on input line 33.
LaTeX Font Info:    External font `lmex10' loaded for size
(Font)              <8> on input line 33.
LaTeX Font Info:    External font `lmex10' loaded for size
(Font)              <6> on input line 33.
LaTeX Font Info:    Trying to load font information for U+msa on input line 33.
 (/Users/krishnachemudupati/Projects/ferrodiode-model/.tinytex/texmf-dist/tex/latex/amsfonts/umsa.fd
File: umsa.fd 2013/01/14 v3.01 AMS symbols A
)
LaTeX Font Info:    Trying to load font information for U+msb on input line 33.
 (/Users/krishnachemudupati/Projects/ferrodiode-model/.tinytex/texmf-dist/tex/latex/amsfonts/umsb.fd
File: umsb.fd 2013/01/14 v3.01 AMS symbols B
) (docs/multidomain_preisach_hysteresis_report.toc
LaTeX Font Info:    External font `lmex10' loaded for size
(Font)              <10.95> on input line 3.
)
\tf@toc=\write4
\openout4 = `multidomain_preisach_hysteresis_report.toc'.

 [1

{/Users/krishnachemudupati/Projects/ferrodiode-model/.tinytex/texmf-var/fonts/map/pdftex/updmap/pdftex.map}{/Users/krishnachemudupati/Projects/ferrodiode-model/.tinytex/texmf-dist/fonts/enc/dvips/lm/lm-ec.enc}{/Users/krishnachemudupati/Projects/ferrodiode-model/.tinytex/texmf-dist/fonts/enc/dvips/lm/lm-rm.enc}{/Users/krishnachemudupati/Projects/ferrodiode-model/.tinytex/texmf-dist/fonts/enc/dvips/lm/lm-mathit.enc}]
LaTeX Font Info:    External font `lmex10' loaded for size
(Font)              <14.4> on input line 134.
LaTeX Font Info:    External font `lmex10' loaded for size
(Font)              <10> on input line 134.
LaTeX Font Info:    External font `lmex10' loaded for size
(Font)              <7> on input line 134.


Package hyperref Warning: Token not allowed in a PDF string (Unicode):
(hyperref)                removing `math shift' on input line 134.


Package hyperref Warning: Token not allowed in a PDF string (Unicode):
(hyperref)                removing `subscript' on input line 134.


Package hyperref Warning: Token not allowed in a PDF string (Unicode):
(hyperref)                removing `math shift' on input line 134.


Package hyperref Warning: Token not allowed in a PDF string (Unicode):
(hyperref)                removing `math shift' on input line 134.


Package hyperref Warning: Token not allowed in a PDF string (Unicode):
(hyperref)                removing `subscript' on input line 134.


Package hyperref Warning: Token not allowed in a PDF string (Unicode):
(hyperref)                removing `math shift' on input line 134.

[2

{/Users/krishnachemudupati/Projects/ferrodiode-model/.tinytex/texmf-dist/fonts/enc/dvips/lm/lm-mathsy.enc}]
<45nm_figures/Ti_Al2O3_AlScN_Ti_il_hysteresis.png, id=69, 953.964pt x 505.89pt>
File: 45nm_figures/Ti_Al2O3_AlScN_Ti_il_hysteresis.png Graphic file (type png)
<use 45nm_figures/Ti_Al2O3_AlScN_Ti_il_hysteresis.png>
Package pdftex.def Info: 45nm_figures/Ti_Al2O3_AlScN_Ti_il_hysteresis.png  used on input line 145.
(pdftex.def)             Requested size: 385.20255pt x 204.27449pt.
<20nm_figures/Ti_Al2O3_AlScN_Ti_il_hysteresis_12V.png, id=71, 953.964pt x 505.89pt>
File: 20nm_figures/Ti_Al2O3_AlScN_Ti_il_hysteresis_12V.png Graphic file (type png)
<use 20nm_figures/Ti_Al2O3_AlScN_Ti_il_hysteresis_12V.png>
Package pdftex.def Info: 20nm_figures/Ti_Al2O3_AlScN_Ti_il_hysteresis_12V.png  used on input line 152.
(pdftex.def)             Requested size: 385.20255pt x 204.27449pt.
<10nm_figures/Ti_Al2O3_AlScN_Ti_il_hysteresis_6p5V.png, id=72, 953.964pt x 505.89pt>
File: 10nm_figures/Ti_Al2O3_AlScN_Ti_il_hysteresis_6p5V.png Graphic file (type png)
<use 10nm_figures/Ti_Al2O3_AlScN_Ti_il_hysteresis_6p5V.png>
Package pdftex.def Info: 10nm_figures/Ti_Al2O3_AlScN_Ti_il_hysteresis_6p5V.png  used on input line 159.
(pdftex.def)             Requested size: 385.20255pt x 204.27449pt.
 [3] [4
pdfTeX warning (ext4): destination with the same identifier (name{figure.1}) has been already used, duplicate ignored
<argument> ...shipout:D \box_use:N \l_shipout_box 
                                                  \__shipout_drop_firstpage_...
l.164 \clearpage
                
pdfTeX warning (ext4): destination with the same identifier (name{figure.2}) has been already used, duplicate ignored
<argument> ...shipout:D \box_use:N \l_shipout_box 
                                                  \__shipout_drop_firstpage_...
l.164 \clearpage
                 <./45nm_figures/Ti_Al2O3_AlScN_Ti_il_hysteresis.png> <./20nm_figures/Ti_Al2O3_AlScN_Ti_il_hysteresis_12V.png>] [5
pdfTeX warning (ext4): destination with the same identifier (name{figure.3}) has been already used, duplicate ignored
<argument> ...shipout:D \box_use:N \l_shipout_box 
                                                  \__shipout_drop_firstpage_...
l.164 \clearpage
                 <./10nm_figures/Ti_Al2O3_AlScN_Ti_il_hysteresis_6p5V.png>]
LaTeX Font Info:    External font `lmex10' loaded for size
(Font)              <5> on input line 174.


Package hyperref Warning: Token not allowed in a PDF string (Unicode):
(hyperref)                removing `math shift' on input line 198.


Package hyperref Warning: Token not allowed in a PDF string (Unicode):
(hyperref)                removing `subscript' on input line 198.


Package hyperref Warning: Token not allowed in a PDF string (Unicode):
(hyperref)                removing `math shift' on input line 198.


Package hyperref Warning: Token not allowed in a PDF string (Unicode):
(hyperref)                removing `math shift' on input line 198.


Package hyperref Warning: Token not allowed in a PDF string (Unicode):
(hyperref)                removing `subscript' on input line 198.


Package hyperref Warning: Token not allowed in a PDF string (Unicode):
(hyperref)                removing `math shift' on input line 198.


Package hyperref Warning: Token not allowed in a PDF string (Unicode):
(hyperref)                removing `math shift' on input line 198.


Package hyperref Warning: Token not allowed in a PDF string (Unicode):
(hyperref)                removing `subscript' on input line 198.


Package hyperref Warning: Token not allowed in a PDF string (Unicode):
(hyperref)                removing `math shift' on input line 198.

<45nm_figures/Ti_HfOx_AlScN_Ti_il_hysteresis_20V.png, id=95, 953.964pt x 505.89pt>
File: 45nm_figures/Ti_HfOx_AlScN_Ti_il_hysteresis_20V.png Graphic file (type png)
<use 45nm_figures/Ti_HfOx_AlScN_Ti_il_hysteresis_20V.png>
Package pdftex.def Info: 45nm_figures/Ti_HfOx_AlScN_Ti_il_hysteresis_20V.png  used on input line 206.
(pdftex.def)             Requested size: 385.20255pt x 204.27449pt.
<20nm_figures/Ti_HfOx_AlScN_Ti_il_hysteresis_12V.png, id=96, 953.964pt x 505.89pt>
File: 20nm_figures/Ti_HfOx_AlScN_Ti_il_hysteresis_12V.png Graphic file (type png)
<use 20nm_figures/Ti_HfOx_AlScN_Ti_il_hysteresis_12V.png>
Package pdftex.def Info: 20nm_figures/Ti_HfOx_AlScN_Ti_il_hysteresis_12V.png  used on input line 213.
(pdftex.def)             Requested size: 385.20255pt x 204.27449pt.
<10nm_figures/Ti_HfOx_AlScN_Ti_il_hysteresis_6p5V.png, id=97, 953.964pt x 505.89pt>
File: 10nm_figures/Ti_HfOx_AlScN_Ti_il_hysteresis_6p5V.png Graphic file (type png)
<use 10nm_figures/Ti_HfOx_AlScN_Ti_il_hysteresis_6p5V.png>
Package pdftex.def Info: 10nm_figures/Ti_HfOx_AlScN_Ti_il_hysteresis_6p5V.png  used on input line 220.
(pdftex.def)             Requested size: 385.20255pt x 204.27449pt.
[6


pdfTeX warning (ext4): destination with the same identifier (name{table.1}) has been already used, duplicate ignored
<argument> ...shipout:D \box_use:N \l_shipout_box 
                                                  \__shipout_drop_firstpage_...
l.225 \clearpage
                ] [7
pdfTeX warning (ext4): destination with the same identifier (name{figure.4}) has been already used, duplicate ignored
<argument> ...shipout:D \box_use:N \l_shipout_box 
                                                  \__shipout_drop_firstpage_...
l.225 \clearpage
                
pdfTeX warning (ext4): destination with the same identifier (name{figure.5}) has been already used, duplicate ignored
<argument> ...shipout:D \box_use:N \l_shipout_box 
                                                  \__shipout_drop_firstpage_...
l.225 \clearpage
                 <./45nm_figures/Ti_HfOx_AlScN_Ti_il_hysteresis_20V.png> <./20nm_figures/Ti_HfOx_AlScN_Ti_il_hysteresis_12V.png>] [8
pdfTeX warning (ext4): destination with the same identifier (name{figure.6}) has been already used, duplicate ignored
<argument> ...shipout:D \box_use:N \l_shipout_box 
                                                  \__shipout_drop_firstpage_...
l.225 \clearpage
                 <./10nm_figures/Ti_HfOx_AlScN_Ti_il_hysteresis_6p5V.png>]

Package hyperref Warning: Token not allowed in a PDF string (Unicode):
(hyperref)                removing `\leavevmode@ifvmode' on input line 258.


Package hyperref Warning: Token not allowed in a PDF string (Unicode):
(hyperref)                \kern 1.82538pt
(hyperref)                removed on input line 258.

<45nm_figures/all_electrodes_0nm_overlay.png, id=120, 805.8105pt x 527.93234pt>
File: 45nm_figures/all_electrodes_0nm_overlay.png Graphic file (type png)
<use 45nm_figures/all_electrodes_0nm_overlay.png>
Package pdftex.def Info: 45nm_figures/all_electrodes_0nm_overlay.png  used on input line 267.
(pdftex.def)             Requested size: 441.57086pt x 289.30034pt.
<45nm_figures/all_electrodes_0nm_deltaP_summary.png, id=121, 510.9489pt x 484.9317pt>
File: 45nm_figures/all_electrodes_0nm_deltaP_summary.png Graphic file (type png)
<use 45nm_figures/all_electrodes_0nm_deltaP_summary.png>
Package pdftex.def Info: 45nm_figures/all_electrodes_0nm_deltaP_summary.png  used on input line 274.
(pdftex.def)             Requested size: 352.31625pt x 334.38124pt.
[9


pdfTeX warning (ext4): destination with the same identifier (name{table.2}) has been already used, duplicate ignored
<argument> ...shipout:D \box_use:N \l_shipout_box 
                                                  \__shipout_drop_firstpage_...
l.279 \clearpage
                ] [10
pdfTeX warning (ext4): destination with the same identifier (name{figure.7}) has been already used, duplicate ignored
<argument> ...shipout:D \box_use:N \l_shipout_box 
                                                  \__shipout_drop_firstpage_...
l.279 \clearpage
                 <./45nm_figures/all_electrodes_0nm_overlay.png>] [11
pdfTeX warning (ext4): destination with the same identifier (name{figure.8}) has been already used, duplicate ignored
<argument> ...shipout:D \box_use:N \l_shipout_box 
                                                  \__shipout_drop_firstpage_...
l.279 \clearpage
                 <./45nm_figures/all_electrodes_0nm_deltaP_summary.png>] [12


pdfTeX warning (ext4): destination with the same identifier (name{table.3}) has been already used, duplicate ignored
<argument> ...shipout:D \box_use:N \l_shipout_box 
                                                  \__shipout_drop_firstpage_...
l.353 
      ] [13] (docs/multidomain_preisach_hysteresis_report.aux)
 ***********
LaTeX2e <2025-11-01>
L3 programming layer <2026-01-19>
 ***********
Package rerunfilecheck Info: File `multidomain_preisach_hysteresis_report.out' has not changed.
(rerunfilecheck)             Checksum: 3B3B461B5A7001DC40FE6A8A33716314;1435.
 ) 
Here is how much of TeX's memory you used:
 11118 strings out of 469515
 176863 string characters out of 5469038
 588989 words of memory out of 5000000
 39565 multiletter control sequences out of 15000+600000
 691072 words of font info for 93 fonts, out of 8000000 for 9000
 14 hyphenation exceptions out of 8191
 75i,12n,79p,351b,456s stack positions out of 10000i,1000n,20000p,200000b,200000s
</Users/krishnachemudupati/Projects/ferrodiode-model/.tinytex/texmf-dist/fonts/type1/public/lm/lmbx10.pfb></Users/krishnachemudupati/Projects/ferrodiode-model/.tinytex/texmf-dist/fonts/type1/public/lm/lmbx12.pfb></Users/krishnachemudupati/Projects/ferrodiode-model/.tinytex/texmf-dist/fonts/type1/public/lm/lmmi10.pfb></Users/krishnachemudupati/Projects/ferrodiode-model/.tinytex/texmf-dist/fonts/type1/public/lm/lmmi8.pfb></Users/krishnachemudupati/Projects/ferrodiode-model/.tinytex/texmf-dist/fonts/type1/public/lm/lmr10.pfb></Users/krishnachemudupati/Projects/ferrodiode-model/.tinytex/texmf-dist/fonts/type1/public/lm/lmr12.pfb></Users/krishnachemudupati/Projects/ferrodiode-model/.tinytex/texmf-dist/fonts/type1/public/lm/lmr17.pfb></Users/krishnachemudupati/Projects/ferrodiode-model/.tinytex/texmf-dist/fonts/type1/public/lm/lmr6.pfb></Users/krishnachemudupati/Projects/ferrodiode-model/.tinytex/texmf-dist/fonts/type1/public/lm/lmr8.pfb></Users/krishnachemudupati/Projects/ferrodiode-model/.tinytex/texmf-dist/fonts/type1/public/lm/lmsy10.pfb>
Output written on docs/multidomain_preisach_hysteresis_report.pdf (13 pages, 2252367 bytes).
PDF statistics:
 209 PDF objects out of 1000 (max. 8388607)
 155 compressed objects within 2 object streams
 36 named destinations out of 1000 (max. 500000)
 105 words of extra memory for PDF output out of 10000 (max. 10000000)

